// Jest Snapshot v1, https://goo.gl/fbAQLP

exports[`renders App without crashing 1`] = `
<div
  className="App-application-0-2-1"
>
  <div
    className="withRouter(Navigator)-root-0-2-3"
  >
    <div
      className="Connect(withRouter(Todos))-page-0-2-14"
    >
      <div
        className="Connect(withRouter(Todos))-header-0-2-13"
      >
        <div
          className="Connect(withRouter(Todos))-title-0-2-9"
        >
          <div
            className="Connect(withRouter(Todos))-titleChild-0-2-10"
          >
            <svg
              aria-hidden="true"
              className="MuiSvgIcon-root-1 Connect(withRouter(Todos))-light-0-2-8"
              focusable="false"
              role="presentation"
              viewBox="0 0 24 24"
            >
              <path
                d="M14 17H4v2h10v-2zm6-8H4v2h16V9zM4 15h16v-2H4v2zM4 5v2h16V5H4z"
              />
              <path
                d="M0 0h24v24H0z"
                fill="none"
              />
            </svg>
            <h4
              className="MuiTypography-root-10 MuiTypography-h4-25 MuiTypography-colorPrimary-40 Connect(withRouter(Todos))-light-0-2-8"
            >
              Your Things
            </h4>
            <h6
              className="MuiTypography-root-10 MuiTypography-subtitle1-28 TodosDates-light-0-2-15"
            >
              12/17/1995
            </h6>
          </div>
          <div
            aria-valuenow={100}
            className="MuiLinearProgress-root-45 MuiLinearProgress-colorPrimary-46 MuiLinearProgress-determinate-48"
            role="progressbar"
          >
            <div
              className="MuiLinearProgress-bar-55 MuiLinearProgress-barColorPrimary-56 MuiLinearProgress-bar1Determinate-59"
              style={
                Object {
                  "transform": "scaleX(1)",
                }
              }
            />
          </div>
        </div>
        <div
          className="Connect(TodosNumbers)-numbers-0-2-18 Connect(TodosNumbers)-title-0-2-17"
        >
          <div
            className="Connect(TodosNumbers)-percentage-0-2-19"
          >
            <div
              aria-valuenow={100}
              className="MuiCircularProgress-root-63 MuiCircularProgress-colorPrimary-66 MuiCircularProgress-static-64"
              role="progressbar"
              style={
                Object {
                  "height": 40,
                  "transform": "rotate(-90deg)",
                  "width": 40,
                }
              }
            >
              <svg
                className="MuiCircularProgress-svg-68"
                viewBox="22 22 44 44"
              >
                <circle
                  className="MuiCircularProgress-circle-69 MuiCircularProgress-circleStatic-70"
                  cx={44}
                  cy={44}
                  fill="none"
                  r={20.2}
                  strokeWidth={3.6}
                  style={
                    Object {
                      "strokeDasharray": "126.920",
                      "strokeDashoffset": "0.000px",
                    }
                  }
                />
              </svg>
            </div>
            <span
              className="MuiTypography-root-10 MuiTypography-caption-20 Connect(TodosNumbers)-value-0-2-16"
            >
              100
              % done
            </span>
          </div>
        </div>
      </div>
      <div
        className="Connect(withRouter(Todos))-content-0-2-11"
      >
        <div
          className="MuiGrid-container-73 MuiGrid-align-items-xs-center-81 MuiGrid-justify-xs-center-90"
        />
      </div>
      <button
        aria-label="Add"
        className="MuiButtonBase-root-180 MuiFab-root-170 MuiFab-primary-172 Connect(withRouter(Todos))-add-0-2-12"
        disabled={false}
        onBlur={[Function]}
        onClick={[Function]}
        onContextMenu={[Function]}
        onFocus={[Function]}
        onKeyDown={[Function]}
        onKeyUp={[Function]}
        onMouseDown={[Function]}
        onMouseLeave={[Function]}
        onMouseUp={[Function]}
        onTouchEnd={[Function]}
        onTouchMove={[Function]}
        onTouchStart={[Function]}
        tabIndex="0"
        type="button"
      >
        <span
          className="MuiFab-label-171"
        >
          <svg
            aria-hidden="true"
            className="MuiSvgIcon-root-1"
            focusable="false"
            role="presentation"
            viewBox="0 0 24 24"
          >
            <path
              d="M19 13h-6v6h-2v-6H5v-2h6V5h2v6h6v2z"
            />
            <path
              d="M0 0h24v24H0z"
              fill="none"
            />
          </svg>
        </span>
        <span
          className="MuiTouchRipple-root-183"
        />
      </button>
    </div>
  </div>
</div>
`;
